
> matrixo-website@1.0.0 build
> next build

  Γû▓ Next.js 14.2.35

   Creating an optimized production build ...
node.exe : [baseline-browser-mapping] The data in this module is over two 
months old.  To ensure accurate Baseline data, please update: `npm i 
baseline-browser-mapping@latest -D`
At line:1 char:1
+ & "C:\Program Files\nodejs/node.exe" "C:\Users\pc\AppData\Roaming\npm ...
+ ~~~~~~~~~~~~~~~~~~~~~~~~~~~~~~~~~~~~~~~~~~~~~~~~~~~~~~~~~~~~~~~~~~~~~
    + CategoryInfo          : NotSpecified: ([baseline-brows...ping@latest -D` 
   :String) [], RemoteException
    + FullyQualifiedErrorId : NativeCommandError
 
Failed to compile.

./components/employee-portal/Calendar.tsx
Error: 
  [31mx[0m Unexpected token `Modal`. Expected jsx identifier
     ,-[[36;1;4mC:\Users\pc\matrixo-website-deployment\components\employee-por
tal\Calendar.tsx[0m:235:1]
 [2m235[0m |   }
 [2m236[0m | 
 [2m237[0m |   return (
 [2m238[0m |     <Modal isOpen={isOpen} onClose={onClose} 
title={editingEvent ? 'Edit Event' : 'Add Event'}>
     : [31;1m     ^^^^^[0m
 [2m239[0m |       <form onSubmit={handleSubmit} className="space-y-4">
 [2m240[0m |         <Input
 [2m240[0m |           label="Event Title"
     `----

Caused by:
    Syntax Error

Import trace for requested module:
./components/employee-portal/Calendar.tsx
./app/employee-portal/page.tsx

./components/employee-portal/Discussions.tsx
Error: 
  [31mx[0m Unexpected token `div`. Expected jsx identifier
     ,-[[36;1;4mC:\Users\pc\matrixo-website-deployment\components\employee-por
tal\Discussions.tsx[0m:251:1]
 [2m251[0m | 
 [2m252[0m |   // Dropdown portal content
 [2m253[0m |   const dropdownContent = showDropdown && suggestions.length > 
0 && mounted ? (
 [2m254[0m |     <div
     : [31;1m     ^^^[0m
 [2m255[0m |       ref={dropdownRef}
 [2m256[0m |       className="fixed bg-neutral-800 border border-neutral-700 
rounded-lg shadow-2xl overflow-hidden"
 [2m256[0m |       style={{
     `----

Caused by:
    Syntax Error

Import trace for requested module:
./components/employee-portal/Discussions.tsx
./app/employee-portal/page.tsx

./components/employee-portal/Tasks.tsx
Error: 
  [31mx[0m Unexpected token `div`. Expected jsx identifier
     ,-[[36;1;4mC:\Users\pc\matrixo-website-deployment\components\employee-por
tal\Tasks.tsx[0m:249:1]
 [2m249[0m |   }, [showDropdown])
 [2m250[0m | 
 [2m251[0m |   const dropdownContent = showDropdown && suggestions.length > 
0 && mounted ? (
 [2m252[0m |     <div
     : [31;1m     ^^^[0m
 [2m253[0m |       ref={dropdownRef}
 [2m254[0m |       style={{
 [2m254[0m |         position: 'fixed',
     `----

Caused by:
    Syntax Error

Import trace for requested module:
./components/employee-portal/Tasks.tsx
./app/employee-portal/page.tsx


> Build failed because of webpack errors
